Diagnose log at 2026-07-28T20:22:07Z

AppPath: C:\Program Files\Git\mingw64\bin\git-credential-manager.exe
InstallDir: C:\Program Files\Git\mingw64\bin\
Version: 2.6.1+786ab03440ddc82e807a97c0e540f5247e44cec6

------------
Diagnostic: Environment
Skipped: False
Success: True
Exception: None
Log:
OSType: Windows
OSVersion: 10.0 (build 19045)
Reading environment variables... OK
 Variables:
HOMEPATH=\Users\Navid
DriverData=C:\Windows\System32\Drivers\DriverData
COMPUTERNAME=DESKTOP-4K8DJG4
GIT_TRACE2_PARENT_SID=0d8beb3a-15eb-43c0-9ce3-237c224e87e0
CommonProgramFiles(x86)=C:\Program Files (x86)\Common Files
OneDrive=C:\Users\Navid\OneDrive
VSCODE_PYTHON_AUTOACTIVATE_GUARD=1
HOME=C:\Users\Navid
PROCESSOR_REVISION=4501
PATHEXT=.COM;.EXE;.BAT;.CMD;.VBS;.VBE;.JS;.JSE;.WSF;.WSH;.MSC;.CPL
GIT_ASKPASS=c:\Users\Navid\AppData\Roaming\Code\User\globalStorage\vscode.git\askpass\2d0aa4fb4040936c\askpass.sh
TMP=C:\Users\Navid\AppData\Local\Temp
TEMP=C:\Users\Navid\AppData\Local\Temp
LOCALAPPDATA=C:\Users\Navid\AppData\Local
MSYSTEM=MINGW64
TERM=xterm-256color
COLORTERM=truecolor
USERDOMAIN=DESKTOP-4K8DJG4
ProgramFiles(x86)=C:\Program Files (x86)
Path=C:/Program Files/Git/mingw64/libexec/git-core;C:\Program Files\Git\mingw64\bin;C:\Program Files\Git\usr\bin;C:\Users\Navid\bin;C:\Windows\system32;C:\Windows;C:\Windows\System32\Wbem;C:\Windows\System32\WindowsPowerShell\v1.0\;C:\Windows\System32\OpenSSH\;C:\Program Files\Microsoft VS Code\bin;C:\Program Files\Git\cmd;C:\Program Files\nodejs\;E:\ffmpeg-8.1.1-essentials_build\bin;C:\Users\Navid\AppData\Local\Microsoft\WindowsApps;C:\Users\Navid\AppData\Roaming\npm;E:\Microsoft VS Code\bin;C:\Users\Navid\AppData\Local\Python\bin
TERM_PROGRAM=vscode
PROCESSOR_LEVEL=6
PROCESSOR_IDENTIFIER=Intel64 Family 6 Model 69 Stepping 1, GenuineIntel
TMPDIR=C:\Users\Navid\AppData\Local\Temp
VSCODE_GIT_ASKPASS_EXTRA_ARGS=
TERM_PROGRAM_VERSION=1.109.3
VSCODE_GIT_ASKPASS_MAIN=c:\Users\Navid\AppData\Roaming\Code\User\globalStorage\vscode.git\askpass\2d0aa4fb4040936c\askpass-main.js
PSModulePath=C:\Users\Navid\Documents\WindowsPowerShell\Modules;C:\Program Files\WindowsPowerShell\Modules;C:\Windows\system32\WindowsPowerShell\v1.0\Modules
PUBLIC=C:\Users\Public
NUMBER_OF_PROCESSORS=4
FPS_BROWSER_USER_PROFILE_STRING=Default
CommonProgramFiles=C:\Program Files (x86)\Common Files
VSCODE_INJECTION=1
VSCODE_GIT_IPC_HANDLE=\\.\pipe\vscode-git-177f040fde-sock
CHROME_CRASHPAD_PIPE_NAME=\\.\pipe\crashpad_7500_IDTCFAKZIUMDVEJA
PLINK_PROTOCOL=ssh
ProgramData=C:\ProgramData
ProgramW6432=C:\Program Files
ProgramFiles=C:\Program Files (x86)
VSCODE_GIT_ASKPASS_NODE=C:\Program Files\Microsoft VS Code\Code.exe
SystemRoot=C:\Windows
SESSIONNAME=Console
CommonProgramW6432=C:\Program Files\Common Files
LOGONSERVER=\\DESKTOP-4K8DJG4
GIT_EXEC_PATH=C:/Program Files/Git/mingw64/libexec/git-core
USERDOMAIN_ROAMINGPROFILE=DESKTOP-4K8DJG4
APPDATA=C:\Users\Navid\AppData\Roaming
HOMEDRIVE=C:
USERNAME=Navid
PROCESSOR_ARCHITEW6432=AMD64
FPS_BROWSER_APP_PROFILE_STRING=Internet Explorer
PROCESSOR_ARCHITECTURE=x86
USERPROFILE=C:\Users\Navid
OS=Windows_NT
ComSpec=C:\Windows\system32\cmd.exe
SystemDrive=C:
windir=C:\Windows
LANG=en_US.UTF-8
ALLUSERSPROFILE=C:\ProgramData


------------
Diagnostic: File system
Skipped: False
Success: True
Exception: None
Log:
Temporary directory is 'C:\Users\Navid\AppData\Local\Temp\'...
Checking basic file I/O...
Writing to temporary file 'C:\Users\Navid\AppData\Local\Temp\873e412d84e0ebef52ccdf6d'... OK
Reading from temporary file 'C:\Users\Navid\AppData\Local\Temp\873e412d84e0ebef52ccdf6d'... OK
Deleting temporary file 'C:\Users\Navid\AppData\Local\Temp\873e412d84e0ebef52ccdf6d'... OK
Testing IFileSystem instance...
UserHomePath: C:\Users\Navid
UserDataDirectoryPath: C:\Users\Navid\.gcm
GetCurrentDirectory(): E:\work\project\clothing\ai-stylist - Copy (6)

------------
Diagnostic: Networking
Skipped: False
Success: True
Exception: None
Log:
Checking networking and HTTP stack...
Creating HTTP client... OK
IsNetworkAvailable: True
Sending HEAD request to http://example.com...Sending HEAD request to https://example.com... OK
 OK
Acquiring free TCP port... OK
Testing local HTTP loopback connections...
Creating new HTTP listener for http://localhost:61040/... OK
Waiting for loopback connection... OK
Writing response... OK
Waiting for response data... OK
Loopback connection data OK

------------
Diagnostic: Git
Skipped: False
Success: True
Exception: None
Log:
Getting Git version... OK
Git version is '2.51.0.windows.1'
Locating current repository...Git repository at 'E:/work/project/clothing/ai-stylist - Copy (6)/.git'
 OK
Listing all Git configuration... OK
Git configuration:
file:C:/Program Files/Git/etc/gitconfig	diff.astextplain.textconv=astextplain
file:C:/Program Files/Git/etc/gitconfig	filter.lfs.clean=git-lfs clean -- %f
file:C:/Program Files/Git/etc/gitconfig	filter.lfs.smudge=git-lfs smudge -- %f
file:C:/Program Files/Git/etc/gitconfig	filter.lfs.process=git-lfs filter-process
file:C:/Program Files/Git/etc/gitconfig	filter.lfs.required=true
file:C:/Program Files/Git/etc/gitconfig	http.sslbackend=schannel
file:C:/Program Files/Git/etc/gitconfig	core.autocrlf=true
file:C:/Program Files/Git/etc/gitconfig	core.fscache=true
file:C:/Program Files/Git/etc/gitconfig	core.symlinks=false
file:C:/Program Files/Git/etc/gitconfig	core.editor="C:\\Program Files\\Microsoft VS Code\\bin\\code" --wait
file:C:/Program Files/Git/etc/gitconfig	pull.rebase=false
file:C:/Program Files/Git/etc/gitconfig	init.defaultbranch=master
file:C:/Users/Navid/.gitconfig	user.name=navidzarevscode-debug
file:C:/Users/Navid/.gitconfig	user.email=ایمیل-اکانت-گیت‌هابت
file:.git/config	core.repositoryformatversion=0
file:.git/config	core.filemode=false
file:.git/config	core.bare=false
file:.git/config	core.logallrefupdates=true
file:.git/config	core.symlinks=false
file:.git/config	core.ignorecase=true
file:.git/config	branch.main.vscode-merge-base=origin/main
file:.git/config	remote.origin.url=https://github.com/navididzare-collab/ai-stylist.git
file:.git/config	remote.origin.fetch=+refs/heads/*:refs/remotes/origin/*


------------
Diagnostic: Credential storage
Skipped: False
Success: True
Exception: None
Log:
ICredentialStore instance is of type: CredentialStore
Writing test credential... OK
Reading test credential... OK
Deleting test credential... OK

------------
Diagnostic: Microsoft authentication (AAD/MSA)
Skipped: False
Success: True
Exception: None
Log:
Broker is not enabled.
Flow type is: Auto
Gathering MSAL token cache data... OK
CacheDirectory: C:\Users\Navid\AppData\Local\.IdentityService
CacheFileName: msal.cache
CacheFilePath: C:\Users\Navid\AppData\Local\.IdentityService\msal.cache
Creating cache helper... OK
Verifying MSAL token cache persistence... OK

------------
Diagnostic: GitHub API
Skipped: False
Success: True
Exception: None
Log:
Using 'https://github.com/' as API target.
Querying '/meta' endpoint... OK

